Module: paramFields
   Class: hasParams
      param typeless
      param docTyped: int(64)
         Typed param with a comment 
      param hasType: int(64)
      param hasDefaultValue
      param doctypedDefaultVal: string
         Param with default value, declared type, and comment 
      param docTypeless
         Typeless param with a comment 
      param docDefaultValue
         Param with default value but no type, and comment 
      param typedDefaultVal: string
      inherited from object

